[    0.000000] Initializing cgroup subsys cpuset
[    0.000000] Initializing cgroup subsys cpu
[    0.000000] Initializing cgroup subsys cpuacct
[    0.000000] Linux version 4.4.0-210-generic (buildd@lgw01-amd64-009) (gcc version 5.4.0 20160609 (Ubuntu 5.4.0-6ubuntu1~16.04.12) ) #242-Ubuntu SMP Fri Apr 16 09:57:56 UTC 2021 (Ubuntu 4.4.0-210.242-generic 4.4.262)
[    0.000000] Command line: BOOT_IMAGE=/boot/vmlinuz-4.4.0-210-generic root=LABEL=cloudimg-rootfs ro console=tty1 console=ttyS0
[    0.000000] KERNEL supported cpus:
[    0.000000]   Intel GenuineIntel
[    0.000000]   AMD AuthenticAMD
[    0.000000]   Centaur CentaurHauls
[    0.000000] x86/fpu: Legacy x87 FPU detected.
[    0.000000] e820: BIOS-provided physical RAM map:
[    0.000000] BIOS-e820: [mem 0x0000000000000000-0x000000000009fbff] usable
[    0.000000] BIOS-e820: [mem 0x000000000009fc00-0x000000000009ffff] reserved
[    0.000000] BIOS-e820: [mem 0x00000000000f0000-0x00000000000fffff] reserved
[    0.000000] BIOS-e820: [mem 0x0000000000100000-0x000000003ffeffff] usable
[    0.000000] BIOS-e820: [mem 0x000000003fff0000-0x000000003fffffff] ACPI data
[    0.000000] BIOS-e820: [mem 0x00000000fec00000-0x00000000fec00fff] reserved
[    0.000000] BIOS-e820: [mem 0x00000000fee00000-0x00000000fee00fff] reserved
[    0.000000] BIOS-e820: [mem 0x00000000fffc0000-0x00000000ffffffff] reserved
[    0.000000] NX (Execute Disable) protection: active
[    0.000000] SMBIOS 2.5 present.
[    0.000000] Hypervisor detected: KVM
[    0.000000] Kernel/User page tables isolation: disabled
[    0.000000] e820: last_pfn = 0x3fff0 max_arch_pfn = 0x400000000
[    0.000000] MTRR: Disabled
[    0.000000] x86/PAT: MTRRs disabled, skipping PAT initialization too.
[    0.000000] CPU MTRRs all blank - virtualized system.
[    0.000000] x86/PAT: Configuration [0-7]: WB  WT  UC- UC  WB  WT  UC- UC  
[    0.000000] found SMP MP-table at [mem 0x0009fff0-0x0009ffff] mapped at [ffff88000009fff0]
[    0.000000] Scanning 1 areas for low memory corruption
[    0.000000] RAMDISK: [mem 0x362dc000-0x37165fff]
[    0.000000] ACPI: Early table checksum verification disabled
[    0.000000] ACPI: RSDP 0x00000000000E0000 000024 (v02 VBOX  )
[    0.000000] ACPI: XSDT 0x000000003FFF0030 00003C (v01 VBOX   VBOXXSDT 00000001 ASL  00000061)
[    0.000000] ACPI: FACP 0x000000003FFF00F0 0000F4 (v04 VBOX   VBOXFACP 00000001 ASL  00000061)
[    0.000000] ACPI: DSDT 0x000000003FFF0470 002325 (v02 VBOX   VBOXBIOS 00000002 INTL 20100528)
[    0.000000] ACPI: FACS 0x000000003FFF0200 000040
[    0.000000] ACPI: FACS 0x000000003FFF0200 000040
[    0.000000] ACPI: APIC 0x000000003FFF0240 00005C (v02 VBOX   VBOXAPIC 00000001 ASL  00000061)
[    0.000000] ACPI: SSDT 0x000000003FFF02A0 0001CC (v01 VBOX   VBOXCPUT 00000002 INTL 20100528)
[    0.000000] No NUMA configuration found
[    0.000000] Faking a node at [mem 0x0000000000000000-0x000000003ffeffff]
[    0.000000] NODE_DATA(0) allocated [mem 0x3ffeb000-0x3ffeffff]
[    0.000000] kvm-clock: Using msrs 4b564d01 and 4b564d00
[    0.000000] kvm-clock: cpu 0, msr 0:3ffe3001, primary cpu clock
[    0.000000] kvm-clock: using sched offset of 4322135414 cycles
[    0.000000] clocksource: kvm-clock: mask: 0xffffffffffffffff max_cycles: 0x1cd42e4dffb, max_idle_ns: 881590591483 ns
[    0.000000] Zone ranges:
[    0.000000]   DMA      [mem 0x0000000000001000-0x0000000000ffffff]
[    0.000000]   DMA32    [mem 0x0000000001000000-0x000000003ffeffff]
[    0.000000]   Normal   empty
[    0.000000]   Device   empty
[    0.000000] Movable zone start for each node
[    0.000000] Early memory node ranges
[    0.000000]   node   0: [mem 0x0000000000001000-0x000000000009efff]
[    0.000000]   node   0: [mem 0x0000000000100000-0x000000003ffeffff]
[    0.000000] Initmem setup node 0 [mem 0x0000000000001000-0x000000003ffeffff]
[    0.000000] ACPI: PM-Timer IO Port: 0x4008
[    0.000000] IOAPIC[0]: apic_id 2, version 32, address 0xfec00000, GSI 0-23
[    0.000000] ACPI: INT_SRC_OVR (bus 0 bus_irq 0 global_irq 2 dfl dfl)
[    0.000000] ACPI: INT_SRC_OVR (bus 0 bus_irq 9 global_irq 9 low level)
[    0.000000] Using ACPI (MADT) for SMP configuration information
[    0.000000] smpboot: Allowing 2 CPUs, 0 hotplug CPUs
[    0.000000] PM: Registered nosave memory: [mem 0x00000000-0x00000fff]
[    0.000000] PM: Registered nosave memory: [mem 0x0009f000-0x0009ffff]
[    0.000000] PM: Registered nosave memory: [mem 0x000a0000-0x000effff]
[    0.000000] PM: Registered nosave memory: [mem 0x000f0000-0x000fffff]
[    0.000000] e820: [mem 0x40000000-0xfebfffff] available for PCI devices
[    0.000000] Booting paravirtualized kernel on KVM
[    0.000000] clocksource: refined-jiffies: mask: 0xffffffff max_cycles: 0xffffffff, max_idle_ns: 7645519600211568 ns
[    0.000000] setup_percpu: NR_CPUS:512 nr_cpumask_bits:512 nr_cpu_ids:2 nr_node_ids:1
[    0.000000] PERCPU: Embedded 33 pages/cpu @ffff88003fc00000 s95192 r8192 d31784 u1048576
[    0.000000] Built 1 zonelists in Node order, mobility grouping on.  Total pages: 257912
[    0.000000] Policy zone: DMA32
[    0.000000] Kernel command line: BOOT_IMAGE=/boot/vmlinuz-4.4.0-210-generic root=LABEL=cloudimg-rootfs ro console=tty1 console=ttyS0
[    0.000000] PID hash table entries: 4096 (order: 3, 32768 bytes)
[    0.000000] Memory: 997792K/1048120K available (8644K kernel code, 1332K rwdata, 4044K rodata, 1492K init, 1164K bss, 50328K reserved, 0K cma-reserved)
[    0.000000] SLUB: HWalign=64, Order=0-3, MinObjects=0, CPUs=2, Nodes=1
[    0.000000] Hierarchical RCU implementation.
[    0.000000] 	Build-time adjustment of leaf fanout to 64.
[    0.000000] 	RCU restricting CPUs from NR_CPUS=512 to nr_cpu_ids=2.
[    0.000000] RCU: Adjusting geometry for rcu_fanout_leaf=64, nr_cpu_ids=2
[    0.000000] NR_IRQS:33024 nr_irqs:440 16
[    0.000000] Console: colour VGA+ 80x25
[    0.000000] console [tty1] enabled
[    0.000000] console [ttyS0] enabled
[    0.000000] tsc: Detected 2592.008 MHz processor
[    0.612128] Calibrating delay loop (skipped) preset value.. 5184.01 BogoMIPS (lpj=10368032)
[    0.620013] pid_max: default: 32768 minimum: 301
[    0.624231] ACPI: Core revision 20150930
[    0.629228] ACPI: 2 ACPI AML tables successfully acquired and loaded
[    0.636583] Security Framework initialized
[    0.642083] Yama: becoming mindful.
[    0.648456] AppArmor: AppArmor initialized
[    0.653202] Dentry cache hash table entries: 131072 (order: 8, 1048576 bytes)
[    0.672723] Inode-cache hash table entries: 65536 (order: 7, 524288 bytes)
[    0.686121] Mount-cache hash table entries: 2048 (order: 2, 16384 bytes)
[    0.697245] Mountpoint-cache hash table entries: 2048 (order: 2, 16384 bytes)
[    0.707900] Initializing cgroup subsys io
[    0.711924] Initializing cgroup subsys memory
[    0.716138] Initializing cgroup subsys devices
[    0.720400] Initializing cgroup subsys freezer
[    0.725051] Initializing cgroup subsys net_cls
[    0.731512] Initializing cgroup subsys perf_event
[    0.736832] Initializing cgroup subsys net_prio
[    0.744298] Initializing cgroup subsys hugetlb
[    0.749894] Initializing cgroup subsys pids
[    0.755256] mce: CPU supports 0 MCE banks
[    0.759814] Last level iTLB entries: 4KB 64, 2MB 8, 4MB 8
[    0.767811] Last level dTLB entries: 4KB 64, 2MB 0, 4MB 0, 1GB 4
[    0.777359] Spectre V1 : Mitigation: usercopy/swapgs barriers and __user pointer sanitization
[    0.788573] Spectre V2 : Mitigation: Enhanced IBRS
[    0.798242] Spectre V2 : Spectre v2 / SpectreRSB mitigation: Filling RSB on context switch
[    0.809391] Speculative Store Bypass: Vulnerable
[    0.849817] Freeing SMP alternatives memory: 36K
[    0.936208] ftrace: allocating 32380 entries in 127 pages
[    1.509127] smpboot: APIC(0) Converting physical 0 to logical package 0
[    1.517607] smpboot: Max logical packages: 1
[    1.536027] ..TIMER: vector=0x30 apic1=0 pin1=2 apic2=-1 pin2=-1
[    1.650085] smpboot: CPU0: Intel(R) Core(TM) i7-10750H CPU @ 2.60GHz (family: 0x6, model: 0xa5, stepping: 0x2)
[    1.661416] Performance Events: unsupported p6 CPU model 165 no PMU driver, software events only.
[    1.756649] KVM setup paravirtual spinlock
[    1.767087] x86: Booting SMP configuration:
[    1.771884] .... node  #0, CPUs:      #1
[    1.777603] kvm-clock: cpu 1, msr 0:3ffe3041, secondary cpu clock
[    1.782965] mce: CPU supports 0 MCE banks
[    1.787083] TSC synchronization [CPU#0 -> CPU#1]:
[    1.791341] Measured 71026 cycles TSC warp between CPUs, turning off TSC clock.
[    1.797700] tsc: Marking TSC unstable due to check_tsc_sync_source failed
[    0.513878] x86: Booted up 1 node, 2 CPUs
[    0.516004] smpboot: Total of 2 processors activated (10368.03 BogoMIPS)
[    0.524050] devtmpfs: initialized
[    0.530279] evm: security.selinux
[    0.532008] evm: security.SMACK64
[    0.536002] evm: security.SMACK64EXEC
[    0.540003] evm: security.SMACK64TRANSMUTE
[    0.544003] evm: security.SMACK64MMAP
[    0.548003] evm: security.ima
[    0.552002] evm: security.capability
[    0.556325] clocksource: jiffies: mask: 0xffffffff max_cycles: 0xffffffff, max_idle_ns: 7645041785100000 ns
[    0.560015] futex hash table entries: 512 (order: 3, 32768 bytes)
[    0.564388] pinctrl core: initialized pinctrl subsystem
[    0.568368] RTC time: 13:30:40, date: 12/12/21
[    0.572997] NET: Registered protocol family 16
[    0.588008] cpuidle: using governor ladder
[    0.604009] cpuidle: using governor menu
[    0.608124] PCCT header not found.
[    0.612123] ACPI: bus type PCI registered
[    0.616004] acpiphp: ACPI Hot Plug PCI Controller Driver version: 0.5
[    0.620474] PCI: Using configuration type 1 for base access
[    0.640557] ACPI: Added _OSI(Module Device)
[    0.644005] ACPI: Added _OSI(Processor Device)
[    0.648003] ACPI: Added _OSI(3.0 _SCP Extensions)
[    0.652004] ACPI: Added _OSI(Processor Aggregator Device)
[    0.657244] ACPI: Executed 1 blocks of module-level executable AML code
[    0.668484] ACPI: Interpreter enabled
[    0.672013] ACPI: (supports S0 S5)
[    0.675424] ACPI: Using IOAPIC for interrupt routing
[    0.676358] PCI: Using host bridge windows from ACPI; if necessary, use "pci=nocrs" and report a bug
[    0.688715] ACPI: PCI Root Bridge [PCI0] (domain 0000 [bus 00-ff])
[    0.692008] acpi PNP0A03:00: _OSC: OS supports [ASPM ClockPM Segments MSI]
[    0.696689] acpi PNP0A03:00: _OSC: not requesting OS control; OS requires [ExtendedConfig ASPM ClockPM MSI]
[    0.700012] acpi PNP0A03:00: fail to add MMCONFIG information, can't access extended PCI configuration space under this bridge.
[    0.704736] PCI host bridge to bus 0000:00
[    0.708005] pci_bus 0000:00: root bus resource [io  0x0000-0x0cf7 window]
[    0.712005] pci_bus 0000:00: root bus resource [io  0x0d00-0xffff window]
[    0.716005] pci_bus 0000:00: root bus resource [mem 0x000a0000-0x000bffff window]
[    0.720005] pci_bus 0000:00: root bus resource [mem 0x40000000-0xfdffffff window]
[    0.724005] pci_bus 0000:00: root bus resource [bus 00-ff]
[    0.738061] pci 0000:00:01.1: legacy IDE quirk: reg 0x10: [io  0x01f0-0x01f7]
[    0.740004] pci 0000:00:01.1: legacy IDE quirk: reg 0x14: [io  0x03f6]
[    0.744005] pci 0000:00:01.1: legacy IDE quirk: reg 0x18: [io  0x0170-0x0177]
[    0.748005] pci 0000:00:01.1: legacy IDE quirk: reg 0x1c: [io  0x0376]
[    0.829312] pci 0000:00:07.0: quirk: [io  0x4000-0x403f] claimed by PIIX4 ACPI
[    0.856048] pci 0000:00:07.0: quirk: [io  0x4100-0x410f] claimed by PIIX4 SMB
[    0.892412] ACPI: PCI Interrupt Link [LNKA] (IRQs 5 9 10 *11)
[    0.912502] ACPI: PCI Interrupt Link [LNKB] (IRQs 5 9 *10 11)
[    0.960224] ACPI: PCI Interrupt Link [LNKC] (IRQs 5 *9 10 11)
[    0.980200] ACPI: PCI Interrupt Link [LNKD] (IRQs 5 9 10 *11)
[    0.998031] ACPI: Enabled 2 GPEs in block 00 to 07
[    1.012249] vgaarb: setting as boot device: PCI:0000:00:02.0
[    1.016000] vgaarb: device added: PCI:0000:00:02.0,decodes=io+mem,owns=io+mem,locks=none
[    1.036004] vgaarb: loaded
[    1.040003] vgaarb: bridge control possible 0000:00:02.0
[    1.048276] SCSI subsystem initialized
[    1.052170] ACPI: bus type USB registered
[    1.056021] usbcore: registered new interface driver usbfs
[    1.060047] usbcore: registered new interface driver hub
[    1.064021] usbcore: registered new device driver usb
[    1.072257] PCI: Using ACPI for IRQ routing
[    1.076827] NetLabel: Initializing
[    1.080003] NetLabel:  domain hash size = 128
[    1.084002] NetLabel:  protocols = UNLABELED CIPSOv4
[    1.092020] NetLabel:  unlabeled traffic allowed by default
[    1.096117] amd_nb: Cannot enumerate AMD northbridges
[    1.104242] clocksource: Switched to clocksource kvm-clock
[    1.148548] AppArmor: AppArmor Filesystem Enabled
[    1.153781] pnp: PnP ACPI init
[    1.159808] pnp: PnP ACPI: found 3 devices
[    1.172712] clocksource: acpi_pm: mask: 0xffffff max_cycles: 0xffffff, max_idle_ns: 2085701024 ns
[    1.181794] NET: Registered protocol family 2
[    1.187474] TCP established hash table entries: 8192 (order: 4, 65536 bytes)
[    1.191024] TCP bind hash table entries: 8192 (order: 5, 131072 bytes)
[    1.191024] TCP: Hash tables configured (established 8192 bind 8192)
[    1.191024] UDP hash table entries: 512 (order: 2, 16384 bytes)
[    1.191024] UDP-Lite hash table entries: 512 (order: 2, 16384 bytes)
[    1.191024] NET: Registered protocol family 1
[    1.191024] pci 0000:00:00.0: Limiting direct PCI/PCI transfers
[    1.191024] pci 0000:00:01.0: Activating ISA DMA hang workarounds
[    1.191024] Unpacking initramfs...
[    1.729258] Freeing initrd memory: 14888K
[    1.734023] clocksource: tsc: mask: 0xffffffffffffffff max_cycles: 0x255cbea3061, max_idle_ns: 440795313801 ns
[    1.743541] platform rtc_cmos: registered platform RTC device (no PNP device found)
[    1.751214] Scanning for low memory corruption every 60 seconds
[    1.761943] audit: initializing netlink subsys (disabled)
[    1.767473] audit: type=2000 audit(1639315845.720:1): initialized
[    1.774034] Initialise system trusted keyring
[    1.778957] HugeTLB registered 2 MB page size, pre-allocated 0 pages
[    1.787878] zbud: loaded
[    1.791230] VFS: Disk quotas dquot_6.6.0
[    1.795343] VFS: Dquot-cache hash table entries: 512 (order 0, 4096 bytes)
[    1.802181] squashfs: version 4.0 (2009/01/31) Phillip Lougher
[    1.808841] fuse init (API version 7.23)
[    1.813528] Key type big_key registered
[    1.817511] Allocating IMA MOK and blacklist keyrings.
[    1.833277] Key type asymmetric registered
[    1.837448] Asymmetric key parser 'x509' registered
[    1.842262] Block layer SCSI generic (bsg) driver version 0.4 loaded (major 249)
[    1.849888] io scheduler noop registered
[    1.853943] io scheduler deadline registered (default)
[    1.858955] io scheduler cfq registered
[    1.863170] pci_hotplug: PCI Hot Plug PCI Core version: 0.5
[    1.868904] pciehp: PCI Express Hot Plug Controller Driver version: 0.4
[    1.875169] ACPI: AC Adapter [AC] (off-line)
[    1.879807] input: Power Button as /devices/LNXSYSTM:00/LNXPWRBN:00/input/input0
[    1.887333] ACPI: Power Button [PWRF]
[    1.891453] input: Sleep Button as /devices/LNXSYSTM:00/LNXSLPBN:00/input/input1
[    1.899184] ACPI: Sleep Button [SLPF]
[    1.905533] ACPI: Battery Slot [BAT0] (battery present)
[    1.911564] GHES: HEST is not enabled!
[    1.919099] Serial: 8250/16550 driver, 32 ports, IRQ sharing enabled
[    1.960921] 00:02: ttyS0 at I/O 0x3f8 (irq = 4, base_baud = 115200) is a 16550A
[    1.972338] Linux agpgart interface v0.103
[    1.990945] loop: module loaded
[    1.998140] scsi host0: ata_piix
[    2.004293] scsi host1: ata_piix
[    2.007949] ata1: PATA max UDMA/33 cmd 0x1f0 ctl 0x3f6 bmdma 0xd000 irq 14
[    2.015336] ata2: PATA max UDMA/33 cmd 0x170 ctl 0x376 bmdma 0xd008 irq 15
[    2.022143] libphy: Fixed MDIO Bus: probed
[    2.027357] tun: Universal TUN/TAP device driver, 1.6
[    2.032512] tun: (C) 1999-2004 Max Krasnyansky <maxk@qualcomm.com>
[    2.038355] PPP generic driver version 2.4.2
[    2.042934] ehci_hcd: USB 2.0 'Enhanced' Host Controller (EHCI) Driver
[    2.050629] ehci-pci: EHCI PCI platform driver
[    2.055254] ehci-platform: EHCI generic platform driver
[    2.060430] ohci_hcd: USB 1.1 'Open' Host Controller (OHCI) Driver
[    2.066592] ohci-pci: OHCI PCI platform driver
[    2.071038] ohci-platform: OHCI generic platform driver
[    2.076021] uhci_hcd: USB Universal Host Controller Interface driver
[    2.082321] i8042: PNP: PS/2 Controller [PNP0303:PS2K,PNP0f03:PS2M] at 0x60,0x64 irq 1,12
[    2.094468] serio: i8042 KBD port at 0x60,0x64 irq 1
[    2.100202] serio: i8042 AUX port at 0x60,0x64 irq 12
[    2.105648] mousedev: PS/2 mouse device common for all mice
[    2.113351] input: AT Translated Set 2 keyboard as /devices/platform/i8042/serio0/input/input2
[    2.123139] rtc_cmos rtc_cmos: rtc core: registered rtc_cmos as rtc0
[    2.129261] rtc_cmos rtc_cmos: alarms up to one day, 114 bytes nvram
[    2.136016] i2c /dev entries driver
[    2.139822] device-mapper: uevent: version 1.0.3
[    2.144452] device-mapper: ioctl: 4.34.0-ioctl (2015-10-28) initialised: dm-devel@redhat.com
[    2.151818] ledtrig-cpu: registered to indicate activity on CPUs
[    2.160422] NET: Registered protocol family 10
[    2.165467] NET: Registered protocol family 17
[    2.169703] Key type dns_resolver registered
[    2.204090] registered taskstats version 1
[    2.208656] Loading compiled-in X.509 certificates
[    2.214094] Loaded X.509 cert 'Build time autogenerated kernel key: cf00e047681d67edb2720680708b7d9498083038'
[    2.223784] zswap: loaded using pool lzo/zbud
[    2.232381] Key type trusted registered
[    2.247161] Key type encrypted registered
[    2.251341] AppArmor: AppArmor sha1 policy hashing enabled
[    2.257782] ima: No TPM chip found, activating TPM-bypass!
[    2.263023] ima: Allocated hash algorithm: sha1
[    2.267944] evm: HMAC attrs: 0x1
[    2.273602]   Magic number: 1:794:533
[    2.277784] tty ttyS13: hash matches
[    2.282133] rtc_cmos rtc_cmos: setting system clock to 2021-12-12 13:30:41 UTC (1639315841)
[    2.290269] BIOS EDD facility v0.16 2004-Jun-25, 0 devices found
[    2.296239] EDD information not available.
[    2.303181] Freeing unused kernel memory: 1492K
[    2.308185] Write protecting the kernel read-only data: 14336k
[    2.315170] Freeing unused kernel memory: 1584K
[    2.320296] Freeing unused kernel memory: 52K
Loading, please wait...
starting version 229
[    2.352288] random: systemd-udevd: uninitialized urandom read (16 bytes read, 5 bits of entropy available)
[    2.352744] random: udevadm: uninitialized urandom read (16 bytes read, 5 bits of entropy available)
[    2.352763] random: udevadm: uninitialized urandom read (16 bytes read, 5 bits of entropy available)
[    2.367817] random: udevadm: uninitialized urandom read (16 bytes read, 5 bits of entropy available)
[    2.367869] random: udevadm: uninitialized urandom read (16 bytes read, 5 bits of entropy available)
[    2.368327] random: udevadm: uninitialized urandom read (16 bytes read, 5 bits of entropy available)
[    2.368390] random: udevadm: uninitialized urandom read (16 bytes read, 5 bits of entropy available)
[    2.368524] random: udevadm: uninitialized urandom read (16 bytes read, 5 bits of entropy available)
[    2.368676] random: udevadm: uninitialized urandom read (16 bytes read, 5 bits of entropy available)
[    2.368761] random: udevadm: uninitialized urandom read (16 bytes read, 5 bits of entropy available)
[    2.482988] Fusion MPT base driver 3.04.20
[    2.487672] Copyright (c) 1999-2008 LSI Corporation
[    2.526790] e1000: Intel(R) PRO/1000 Network Driver - version 7.3.21-k8-NAPI
[    2.534104] e1000: Copyright (c) 1999-2006 Intel Corporation.
[    2.553044] Fusion MPT SPI Host driver 3.04.20
[    2.746268] input: ImExPS/2 Generic Explorer Mouse as /devices/platform/i8042/serio1/input/input4
[    3.298792] e1000 0000:00:03.0 eth0: (PCI:33MHz:32-bit) 02:be:82:6b:cc:1d
[    3.305614] e1000 0000:00:03.0 eth0: Intel(R) PRO/1000 Network Connection
[    3.313900] mptbase: ioc0: Initiating bringup
[    3.838487] ioc0: LSI53C1030 A0: Capabilities={Initiator}
[    4.630429] scsi host2: ioc0: LSI53C1030 A0, FwRev=00000000h, Ports=1, MaxQ=256, IRQ=20
[    4.781879] scsi 2:0:0:0: Direct-Access     VBOX     HARDDISK         1.0  PQ: 0 ANSI: 5
[    4.790932] scsi target2:0:0: Beginning Domain Validation
[    4.801459] scsi target2:0:0: Domain Validation skipping write tests
[    4.807109] scsi target2:0:0: Ending Domain Validation
[    4.812573] scsi target2:0:0: asynchronous
[    4.821017] scsi 2:0:1:0: Direct-Access     VBOX     HARDDISK         1.0  PQ: 0 ANSI: 5
[    4.829333] scsi target2:0:1: Beginning Domain Validation
[    4.840601] scsi target2:0:1: Domain Validation skipping write tests
[    4.846642] scsi target2:0:1: Ending Domain Validation
[    4.852021] scsi target2:0:1: asynchronous
[    4.875584] sd 2:0:0:0: [sda] 83886080 512-byte logical blocks: (42.9 GB/40.0 GiB)
[    4.883425] sd 2:0:0:0: Attached scsi generic sg0 type 0
[    4.889917] sd 2:0:1:0: Attached scsi generic sg1 type 0
[    4.896605] sd 2:0:0:0: [sda] Write Protect is off
[    4.902431] sd 2:0:1:0: [sdb] 20480 512-byte logical blocks: (10.5 MB/10.0 MiB)
[    4.914673] sd 2:0:0:0: [sda] Incomplete mode parameter data
[    4.919937] sd 2:0:0:0: [sda] Assuming drive cache: write through
[    4.927547] sd 2:0:1:0: [sdb] Write Protect is off
[    4.935338] sd 2:0:1:0: [sdb] Incomplete mode parameter data
[    4.941960] sd 2:0:1:0: [sdb] Assuming drive cache: write through
[    4.961860]  sda: sda1
[    4.968002] sd 2:0:0:0: [sda] Attached SCSI disk
[    4.975867] sd 2:0:1:0: [sdb] Attached SCSI disk
[    5.715773] e1000 0000:00:08.0 eth1: (PCI:33MHz:32-bit) 08:00:27:e4:0c:01
[    5.723996] e1000 0000:00:08.0 eth1: Intel(R) PRO/1000 Network Connection
[    5.735382] e1000 0000:00:08.0 enp0s8: renamed from eth1
[    5.753409] e1000 0000:00:03.0 enp0s3: renamed from eth0
Begin: Loading essential drivers ... [    7.420527] md: linear personality registered for level -1
[    7.431495] md: multipath personality registered for level -4
[    7.441182] md: raid0 personality registered for level 0
[    7.462017] md: raid1 personality registered for level 1
[    7.540160] raid6: sse2x1   gen()  8705 MB/s
[    7.612394] raid6: sse2x1   xor()  5254 MB/s
[    7.684146] raid6: sse2x2   gen() 10838 MB/s
[    7.756099] raid6: sse2x2   xor()  7730 MB/s
[    7.829175] raid6: sse2x4   gen() 13829 MB/s
[    7.900259] raid6: sse2x4   xor()  8394 MB/s
[    7.904849] raid6: using algorithm sse2x4 gen() 13829 MB/s
[    7.911008] raid6: .... xor() 8394 MB/s, rmw enabled
[    7.915977] raid6: using ssse3x2 recovery algorithm
[    7.924034] xor: measuring software checksum speed
[  206.000422] INFO: rcu_sched detected stalls on CPUs/tasks:
[  206.004371] 	1-...: (1 ticks this GP) idle=2d9/140000000000000/0 softirq=704/705 fqs=1 
[  206.004371] 	(detected by 0, t=49515 jiffies, g=-146, c=-147, q=70)
[  206.004371] Task dump for CPU 1:
[  206.004371] modprobe        R  running task        0   233    219 0x00000008
[  206.004371]  0000000000000286 0000000000000001 0000000000000005 ffffffff811fa195
[  206.004371]  0000000000000001 ffffffffc00540c0 0000000000000018 b0d966c55229dc50
[  206.004371]  ffffffffc00540c0 0000000000000001 ffff880036888e20 ffffffffc00540c0
[  206.004371] Call Trace:
[  206.004371]  [<ffffffff811fa195>] ? kmem_cache_alloc_trace+0x185/0x1f0
[  206.004371]  [<ffffffff8185a350>] ? do_init_module+0x5f/0x1da
[  206.004371]  [<ffffffff8111254c>] ? load_module+0x171c/0x1c80
[  206.004371]  [<ffffffff8110e9d0>] ? __symbol_put+0x60/0x60
[  206.004371]  [<ffffffff81222b50>] ? kernel_read+0x50/0x80
[  206.004371]  [<ffffffff81112cf4>] ? SYSC_finit_module+0xb4/0xe0
[  206.004371]  [<ffffffff81112d3e>] ? SyS_finit_module+0xe/0x10
[  206.004371]  [<ffffffff8186bb5b>] ? entry_SYSCALL_64_fastpath+0x22/0xd0
[  206.004371] rcu_sched kthread starved for 49512 jiffies! g18446744073709551470 c18446744073709551469 f0x0 s3 ->state=0x1
[  206.158542]    prefetch64-sse: 437736.000 MB/sec
[  206.265248]    generic_sse: 43669.000 MB/sec
[  206.269679] xor: using function: prefetch64-sse (437736.000 MB/sec)
[  206.278139] async_tx: api initialized (async)
[  206.324845] md: raid6 personality registered for level 6
[  206.330075] md: raid5 personality registered for level 5
[  206.334766] md: raid4 personality registered for level 4
[  206.362796] md: raid10 personality registered for level 10
done.
Begin: Running /scripts/init-premount ... done.
Begin: Mounting root file system ... Begin: Running /scripts/local-top ... done.
Begin: Running /scripts/local-premount ... [  206.447550] Btrfs loaded
Scanning for Btrfs filesystems
done.
Warning: fsck not present, so skipping root file system
[  206.502929] EXT4-fs (sda1): mounted filesystem with ordered data mode. Opts: (null)
done.
Begin: Running /scripts/local-bottom ... done.
Begin: Running /scripts/init-bottom ... done.
[  206.691231] systemd[1]: systemd 229 running in system mode. (+PAM +AUDIT +SELINUX +IMA +APPARMOR +SMACK +SYSVINIT +UTMP +LIBCRYPTSETUP +GCRYPT +GNUTLS +ACL +XZ -LZ4 +SECCOMP +BLKID +ELFUTILS +KMOD -IDN)
[  206.707518] systemd[1]: Detected virtualization oracle.
[  206.712269] systemd[1]: Detected architecture x86-64.

Welcome to [1mUbuntu 16.04.7 LTS[0m!

[  206.724413] systemd[1]: Set hostname to <ubuntu>.
[  206.733236] systemd[1]: Initializing machine ID from random generator.
[  206.739191] systemd[1]: Installed transient /etc/machine-id file.
[  206.941339] systemd[1]: Listening on Journal Socket.
[[0;32m  OK  [0m] Listening on Journal Socket.
[  206.950115] systemd[1]: Set up automount Arbitrary Executable File Formats File System Automount Point.
[[0;32m  OK  [0m] Set up automount Arbitrary Executab...ats File System Automount Point.
[  206.963828] systemd[1]: Listening on LVM2 metadata daemon socket.
[[0;32m  OK  [0m] Listening on LVM2 metadata daemon socket.
[  206.972979] systemd[1]: Listening on udev Kernel Socket.
[[0;32m  OK  [0m] Listening on udev Kernel Socket.
[  206.981537] systemd[1]: Listening on udev Control Socket.
[[0;32m  OK  [0m] Listening on udev Control Socket.
[  206.990053] systemd[1]: Reached target System Time Synchronized.
[[0;32m  OK  [0m] Reached target System Time Synchronized.
[  206.999450] systemd[1]: Reached target Encrypted Volumes.
[[0;32m  OK  [0m] Reached target Encrypted Volumes.
[  207.008100] systemd[1]: Reached target Swap.
[[0;32m  OK  [0m] Reached target Swap.
[  207.015134] systemd[1]: Listening on Syslog Socket.
[[0;32m  OK  [0m] Listening on Syslog Socket.
[  207.023397] systemd[1]: Created slice System Slice.
[[0;32m  OK  [0m] Created slice System Slice.
[  207.031289] systemd[1]: Started Trigger resolvconf update for networkd DNS.
[[0;32m  OK  [0m] Started Trigger resolvconf update for networkd DNS.
[  207.041538] systemd[1]: Listening on Journal Socket (/dev/log).
[[0;32m  OK  [0m] Listening on Journal Socket (/dev/log).
[  207.050207] systemd[1]: Reached target User and Group Name Lookups.
[[0;32m  OK  [0m] Reached target User and Group Name Lookups.
[  207.072350] systemd[1]: Starting Load Kernel Modules...
         Starting Load Kernel Modules...
[  207.081931] systemd[1]: Listening on Device-mapper event daemon FIFOs.
[[0;32m  OK  [0m] Listening on Device-mapper event daemon FIFOs.
[  207.093370] systemd[1]: Starting Monitoring of LVM2 mirrors, snapshots etc. using dmeventd or progress polling...
[  207.104652] Loading iSCSI transport class v2.0-870.
         Starting Monitoring of LVM2 mirrors... dmeventd or progress polling...
[  207.113778] systemd[1]: Starting Nameserver information manager...
         Starting Nameserver information manager...
[  207.130898] systemd[1]: Mounting POSIX Message Queue File System...
         Mounting POSIX Message Queue File System...
[  207.148682] iscsi: registered transport (tcp)
[  207.151510] systemd[1]: Listening on LVM2 poll daemon socket.
[[0;32m  OK  [0m] Listening on LVM2 poll daemon socket.
[  207.171796] systemd[1]: Listening on Journal Audit Socket.
[[0;32m  OK  [0m] Listening on Journal Audit Socket.
[  207.187520] systemd[1]: Starting Journal Service...
         Starting Journal Service...
[  207.202693] systemd[1]: Mounting Huge Pages File System...
         Mounting Huge Pages File System...
[  207.213019] systemd[1]: Created slice User and Session Slice.
[[0;32m  OK  [0m] Created slice User and Session Slice.
[  207.223109] systemd[1]: Reached target Slices.
[[0;32m  OK  [0m] Reached target Slices.
[  207.248891] systemd[1]: Mounting Debug File System...
         Mounting Debug File System...
[  207.260732] systemd[1]: Listening on /dev/initctl Compatibility Named Pipe.
[[0;32m  OK  [0m] Listening on /dev/initctl Compatibility Named Pipe.
[  207.286240] systemd[1]: Created slice system-serial\x2dgetty.slice.
[[0;32m  OK  [0m] Created slice system-serial\x2dgetty.slice.
[  207.300285] iscsi: registered transport (iser)
[  207.312586] systemd[1]: Starting Uncomplicated firewall...
         Starting Uncomplicated firewall...
[  207.324348] systemd[1]: Started Forward Password Requests to Wall Directory Watch.
[[0;32m  OK  [0m] Started Forward Password Requests to Wall Directory Watch.
[  207.338844] systemd[1]: Starting Set console keymap...
         Starting Set console keymap...
[  207.350870] systemd[1]: Listening on fsck to fsckd communication Socket.
[[0;32m  OK  [0m] Listening on fsck to fsckd communication Socket.
[  207.365582] systemd[1]: Starting File System Check on Root Device...
         Starting File System Check on Root Device...
[  207.384370] systemd[1]: Starting Create list of required static device nodes for the current kernel...
         Starting Create list of required st... nodes for the current kernel...
[  207.409010] systemd[1]: Mounted Huge Pages File System.
[[0;32m  OK  [0m] Mounted Huge Pages File System.
[  207.427752] systemd[1]: Mounted POSIX Message Queue File System.
[[0;32m  OK  [0m] Mounted POSIX Message Queue File System.
[  207.440465] systemd[1]: Mounted Debug File System.
[[0;32m  OK  [0m] Mounted Debug File System.
[  207.450932] systemd[1]: Started Journal Service.
[[0;32m  OK  [0m] Started Journal Service.
[[0;32m  OK  [0m] Started Load Kernel Modules.
[[0;32m  OK  [0m] Started Uncomplicated firewall.
[[0;32m  OK  [0m] Started Set console keymap.
[[0;32m  OK  [0m] Started File System Check on Root Device.
[[0;32m  OK  [0m] Started Create list of required sta...ce nodes for the current kernel.
[[0;32m  OK  [0m] Started Nameserver information manager.
[[0;32m  OK  [0m] Started LVM2 metadata daemon.
[[0;32m  OK  [0m] Started File System Check Daemon to report status.
         Starting Create Static Device Nodes in /dev...[  207.585191] random: nonblocking pool is initialized

         Starting Remount Root and Kernel File Systems...
         Starting Apply Kernel Variables...[  207.618933] EXT4-fs (sda1): re-mounted. Opts: (null)

         Mounting FUSE Control File System...
[[0;32m  OK  [0m] Mounted FUSE Control File System.
[[0;32m  OK  [0m] Started Create Static Device Nodes in /dev.
[[0;32m  OK  [0m] Started Remount Root and Kernel File Systems.
[[0;32m  OK  [0m] Started Apply Kernel Variables.
         Starting Flush Journal to Persistent Storage...
         Starting Load/Save Random Seed...
         Starting udev Coldplug all Devices...
         Starting udev Kernel Device Manager...
[[0;32m  OK  [0m] Started Monitoring of LVM2 mirrors,...ng dmeventd or progress polling.
[[0;32m  OK  [0m] Started Load/Save Random Seed.
[[0;32m  OK  [0m] Started udev Kernel Device Manager.
[[0;32m  OK  [0m] Reached target Local File Systems (Pre).
[[0;32m  OK  [0m] Reached target Local File Systems.
         Starting Tell Plymouth To Write Out Runtime Data...
         Starting LSB: AppArmor initialization...
         Starting Initial cloud-init job (pre-networking)...
         Starting Set console font and keymap...
         Starting Commit a transient machine-id on disk...
[[0;32m  OK  [0m] Started udev Coldplug all Devices.
[[0;32m  OK  [0m] Started Tell Plymouth To Write Out Runtime Data.
[[0;32m  OK  [0m] Started Dispatch Password Requests to Console Directory Watch.
[[0;32m  OK  [0m] Started Flush Journal to Persistent Storage.
[[0;32m  OK  [0m] Started Commit a transient machine-id on disk.
         Starting Create Volatile Files and Directories...
[[0;32m  OK  [0m] Started Create Volatile Files and Directories.
         Starting Update UTMP about System Boot/Shutdown...
[[0;32m  OK  [0m] Started Update UTMP about System Boot/Shutdown.
[[0;32m  OK  [0m] Found device /dev/ttyS0.
[[0;32m  OK  [0m] Listening on Load/Save RF Kill Switch Status /dev/rfkill Watch.
[[0;32m  OK  [0m] Started LSB: AppArmor initialization.
[  210.647195] cloud-init         Starting Load AppArmor profiles managed internally by snapd...
[476]: Cloud-init v. 21.1-19-gbad84ad4-0ubuntu1~16.04.2 running 'init-local' at Sun, 12 Dec 2021 13:34:09 +0000. Up 209.95 seconds.
[[0;32m  OK  [0m] Started Load AppArmor profiles managed internally by snapd.
[[0;32m  OK  [0m] Started Initial cloud-init job (pre-networking).
[[0;32m  OK  [0m] Reached target Network (Pre).
         Starting Raise network interfaces...
[[0;32m  OK  [0m] Started Set console font and keymap.
[[0;32m  OK  [0m] Created slice system-getty.slice.
[[0;32m  OK  [0m] Started Raise network interfaces.
         Starting Initial cloud-init job (metadata service crawler)...
[[0;32m  OK  [0m] Reached target Network.
[  213.150688] cloud-init[942]: Cloud-init v. 21.1-19-gbad84ad4-0ubuntu1~16.04.2 running 'init' at Sun, 12 Dec 2021 13:34:11 +0000. Up 212.51 seconds.
[  213.156455] cloud-init[942]: ci-info: ++++++++++++++++++++++++++++++++++++++Net device info+++++++++++++++++++++++++++++++++++++++
[  213.161403] cloud-init[942]: ci-info: +--------+-------+----------------------------+---------------+--------+-------------------+
[  213.166421] cloud-init[942]: ci-info: | Device |   Up  |          Address           |      Mask     | Scope  |     Hw-Address    |
[  213.171855] cloud-init[942]: ci-info: +--------+-------+----------------------------+---------------+--------+-------------------+
[  213.177225] cloud-init[942]: ci-info: | enp0s3 |  True |         10.0.2.15          | 255.255.255.0 | global | 02:be:82:6b:cc:1d |
[  213.183898] cloud-init[942]: ci-info: | enp0s3 |  True | fe80::be:82ff:fe6b:cc1d/64 |       .       |  link  | 02:be:82:6b:cc:1d |
[  213.189916] cloud-init[942]: ci-info: | enp0s8 | False |             .              |       .       |   .    | 08:00:27:e4:0c:01 |
[  213.196393] cloud-init[942]: ci-info: |   lo   |  True |         127.0.0.1          |   255.0.0.0   |  host  |         .         |
[  213.203689] cloud-init[942]: ci-info: |   lo   |  True |          ::1/128           |       .       |  host  |         .         |
[  213.210281] cloud-init[942]: ci-info: +--------+-------+----------------------------+---------------+--------+-------------------+
[  213.216979] cloud-init[942]: ci-info: +++++++++++++++++++++++++++Route IPv4 info++++++++++++++++++++++++++++
[  213.223225] cloud-init[942]: ci-info: +-------+-------------+----------+---------------+-----------+-------+
[  213.229703] cloud-init[942]: ci-info: | Route | Destination | Gateway  |    Genmask    | Interface | Flags |
[  213.235565] cloud-init[942]: ci-info: +-------+-------------+----------+---------------+-----------+-------+
[  213.241544] cloud-init[942]: ci-info: |   0   |   0.0.0.0   | 10.0.2.2 |    0.0.0.0    |   enp0s3  |   UG  |
[  213.247621] cloud-init[942]: ci-info: |   1   |   10.0.2.0  | 0.0.0.0  | 255.255.255.0 |   enp0s3  |   U   |
[  213.253955] cloud-init[942]: ci-info: +-------+-------------+----------+---------------+-----------+-------+
[  213.260680] cloud-init[942]: ci-info: +++++++++++++++++++Route IPv6 info+++++++++++++++++++
[  213.266612] cloud-init[942]: ci-info: +-------+-------------+---------+-----------+-------+
[  213.271976] cloud-init[942]: ci-info: | Route | Destination | Gateway | Interface | Flags |
[  213.277773] cloud-init[942]: ci-info: +-------+-------------+---------+-----------+-------+
[  213.283308] cloud-init[942]: ci-info: |   0   |  fe80::/64  |    ::   |   enp0s3  |   U   |
[  213.289115] cloud-init[942]: ci-info: |   3   |   ff00::/8  |    ::   |   enp0s3  |   U   |
[  213.294660] cloud-init[942]: ci-info: +-------+-------------+---------+-----------+-------+
[  213.300597] cloud-init[942]: Generating public/private rsa key pair.
[  213.305694] cloud-init[942]: Your identification has been saved in /etc/ssh/ssh_host_rsa_key.
[  213.311939] cloud-init[942]: Your public key has been saved in /etc/ssh/ssh_host_rsa_key.pub.
[  213.318149] cloud-init[942]: The key fingerprint is:
[  213.322562] cloud-init[942]: SHA256:EeJMPVI3tiT+sW0lRwc7yyDhUJ1nCi6mJoOLDPRDWrc root@ubuntu-xenial
[  213.328513] cloud-init[942]: The key's randomart image is:
[  213.333955] cloud-init[942]: +---[RSA 2048]----+
[[0;32m  OK  [0m] Started Initial cloud-init job (metadata service crawler).
[[0;32m  OK  [0m] Reached target System Initialization.
[[0;32m  OK  [0m] Listening on D-Bus System Message Bus Socket.
[[0;32m  OK  [0m] Listening on UUID daemon activation socket.
[[0;32m  OK  [0m] Listening on ACPID Listen Socket.
[  213.340774] cloud-init[942]: |      oo=.B. .o..|
[[0;32m  OK  [0m] Started ACPI Events Check.
[[0;32m  OK  [0m] Reached target Paths.
[[0;32m  OK  [0m] Started Daily apt download activities.
[[0;32m  OK  [0m] Started Daily apt upgrade and clean activities.
[[0;32m  OK  [0m] Started Message of the Day.
         Starting Socket activation for snappy daemon.
[[0;32m  OK  [0m] Started Ubuntu Advantage update messaging.
[  213.361239] cloud-init[942]: |     +.ooO.+o.oo |
[  213.380594] cloud-init[942]: |      o.oo=.o+=  |
         Starting LXD - unix socket.
[[0;32m  OK  [0m] Started Daily Cleanup of Temporary Directories.
[  213.391891] cloud-init[942]: | . o .  oo.=.* o |
[[0;32m  OK  [0m] Reached target Timers.
[[0;32m  OK  [0m] Reached target Network is Online.
[  213.407711] cloud-init[942]: |. =.. .oS.o o o  |
[  213.420880] cloud-init[942]: |...ooEo    .     |
[  213.423994] cloud-init[942]: |o. ..+           |
[  213.427089] cloud-init[942]: |...              |
[  213.430328] cloud-init[942]: |                 |
         Starting iSCSI initiator daemon (iscsid)...
[[0;32m  OK  [0m] Reached target Cloud-config availability.
[  213.439125] cloud-init[942]: +----[SHA256]-----+
[  213.452884] cloud-init[942]: Generating public/private dsa key pair.
[[0;32m  OK  [0m] Listening on Socket activation for snappy daemon.
[  213.458550] [[0;32m  OK  [0m] Listening on LXD - unix socket.
[[0;32m  OK  [0m] Reached target Sockets.
[[0;32m  OK  [0m] Reached target Basic System.
cloud-init[942]: [[0;32m  OK  [0m] Started ACPI event daemon.
         Starting Accounts Service...
         Starting Pollinate to seed the pseudo random number generator...
Your identification has been saved in /etc/ssh/ssh_host_dsa_key.
[[0;32m  OK  [0m] Started Regular background program processing daemon.
         Starting System Logging Service...
         Starting LXD - container startup/shutdown...
[[0;32m  OK  [0m] Started Deferred execution scheduler.
[[0;32m  OK  [0m] Started D-Bus System Message Bus.
[  213.483317] cloud-init[942]: Your public key has been saved in /etc/ssh/ssh_host_dsa_key.pub.
[  213.499642] cloud-init[942]: The key fingerprint is:
[  213.514092] cloud-init[942]: SHA256:9zmOZcvvd1nVNq5+ABcqg7nEA1XCEFYNrb88urDMK+g root@ubuntu-xenial
[  213.538061] cloud-init[942]: The key's randomart image is:
[  213.546983] cloud-init[942]: +---[DSA 1024]----+
[  213.570479] cloud-init[942]: |     +*==.       |
[  213.577126] cloud-init[942]: |    .. ..o   .   |
         Starting Virtualbox guest utils...
         Starting LSB: MD monitoring daemon...
[[0;32m  OK  [0m] Started FUSE filesystem for LXC.
         Starting LSB: Record successful boot for GRUB...
         Starting Login Service...
         Starting /etc/rc.local Compatibility...
[  213.589822] cloud-init[942]: |      o +   . . .|
         Starting Snap Daemon...
[[0;32m  OK  [0m] Started System Logging Service.
[[0;32m  OK  [0m] Started iSCSI initiator daemon (iscsid).
[[0;32m  OK  [0m] Started /etc/rc.local Compatibility.
         Starting Authenticate and Authorize Users to Run Privileged Tasks...
         Starting Login to default iSCSI targets...
[  213.640249] cloud-init[942]: |       B o o . .+|
[  213.717904] cloud-init[942]: |      . S + o ..o|
[[0;32m  OK  [0m] Started Login Service.
[[0;32m  OK  [0m] Started Unattended Upgrades Shutdown.
[  213.743142] cloud-init[942]: |       . o . o ..|
[[0;32m  OK  [0m] Started LSB: MD monitoring daemon.
[  213.794271] cloud-init[942]: |  .  .  . . * o o|
[[0;32m  OK  [0m] Started LSB: Record successful boot for GRUB.
[[0;32m  OK  [0m] Started LXD - container startup/shutdown.
[  213.837713] [[0;32m  OK  [0m] Started Login to default iSCSI targets.
[[0;32m  OK  [0m] Reached target Remote File Systems (Pre).
[[0;32m  OK  [0m] Reached target Remote File Systems.
         Starting LSB: Set the CPU Frequency Scaling governor to "ondemand"...
         Starting Permit User Sessions...
         Starting LSB: automatic crash report generation...
         Starting LSB: daemon to balance interrupts for SMP systems...
[[0;32m  OK  [0m] Started Permit User Sessions.
         Starting Terminate Plymouth Boot Screen...
         Starting Hold until boot process finishes up...
cloud-init[[0;32m  OK  [0m] Started Terminate Plymouth Boot Screen.
[942]: | . .o o  + * + oo|[[0;32m  OK  [0m] Started Hold until boot process finishes up.

         Starting Set console scheme...
[[0;32m  OK  [0m] Started Getty on tty1.
[[0;32m  OK  [0m] Started Serial Getty on ttyS0.
[[0;32m  OK  [0m] Reached target Login Prompts.
[[0;32m  OK  [0m] Started Set console scheme.
[[0;32m  OK  [0m] Started Authenticate and Authorize Users to Run Privileged Tasks.
[[0;32m  OK  [0m] Started Accounts Service.
[  214.049284] cloud-init[942]: |.E  .=.oo o =++..|
[  214.106522] [[0;32m  OK  [0m] Started LSB: Set the CPU Frequency Scaling governor to "ondemand".
cloud-init[942]: +----[SHA256]-----+
[[0;32m  OK  [0m] Started LSB: automatic crash report generation.
[[0;32m  OK  [0m] Started LSB: daemon to balance interrupts for SMP systems.
[  214.156904] cloud-init[942]: Generating public/private ecdsa key pair.
[  214.235578] cloud-init[942]: Your identification has been saved in /etc/ssh/ssh_host_ecdsa_key.
[  214.275011] cloud-init[942]: Your public key has been saved in /etc/ssh/ssh_host_ecdsa_key.pub.
[  214.333222] cloud-init[942]: The key fingerprint is:
[  214.370266] cloud-init[942]: SHA256:A9YH5WKtuSPDrY6B7axQa1hRSYq/zLWXBYtTBPteSZ4 root@ubuntu-xenial
[[0;32m  OK  [0m] Started Virtualbox guest utils.
[  214.402601] cloud-init[942]: The key's randomart image is:
[  214.436501] cloud-init[942]: +---[ECDSA 256]---+
[  214.460746] cloud-init[942]: |   .+o. ...      |
[  214.511120] cloud-init[942]: | . o.o . +       |
[  214.546306] cloud-init[942]: |. o . = = +      |
[  214.560783] cloud-init[942]: | . . = B B       |
[  214.585593] cloud-init[942]: |  + + o E        |
[  214.609288] cloud-init[942]: | * * = = o       |
[  214.631615] cloud-init[942]: |o B + B +        |
[  214.656956] cloud-init[942]: | o o + + .       |
[  214.680751] cloud-init[942]: |  ..+.o          |
[  214.694907] cloud-init[942]: +----[SHA256]-----+
[  214.710753] cloud-init[942]: Generating public/private ed25519 key pair.
[  214.716994] cloud-init[942]: Your identification has been saved in /etc/ssh/ssh_host_ed25519_key.
[  214.724373] cloud-init[942]: Your public key has been saved in /etc/ssh/ssh_host_ed25519_key.pub.
[  214.741731] cloud-init[942]: The key fingerprint is:
[  214.754029] cloud-init[942]: SHA256:BW0JZj8b/fpmnPBIqLyKqjnkC5PsogWHACtGvKAX0Ns root@ubuntu-xenial
[  214.777662] cloud-init[942]: The key's randomart image is:
[  214.801761] cloud-init[942]: +--[ED25519 256]--+
[  214.818738] cloud-init[942]: |++      =o .     |
[  214.829086] cloud-init[942]: |+oo    o o+.     |
[  214.841776] cloud-init[942]: |*..+     .= .    |
[  214.866479] cloud-init[942]: |=oo E    . + .   |
[  214.890899] cloud-init[942]: |o..     S ..  .  |
[  214.913581] cloud-init[942]: |.=        . o.   |
[  214.925359] cloud-init[942]: |*..    . . ..= . |
[  214.937249] cloud-init[942]: |==   .  o   ..*  |
[  214.949796] cloud-init[942]: |*=o.. ....   o.  |
[[0;32m  OK  [0m] Started Snap Daemon.
[  214.971341] cloud-init[942]: +----[SHA256]-----+
         Starting Wait until snapd is fully seeded...

Ubuntu 16.04.7 LTS ubuntu-xenial ttyS0

ubuntu-xenial login: [  229.366006] cloud-init[1588]: Generating locales (this might take a while)...
[  230.975069] cloud-init[1588]:   en_US.UTF-8... done
[  230.975686] cloud-init[1588]: Generation complete.
[  231.467357] cloud-init[1588]: Cloud-init v. 21.1-19-gbad84ad4-0ubuntu1~16.04.2 running 'modules:config' at Sun, 12 Dec 2021 13:34:28 +0000. Up 229.20 seconds.
ci-info: no authorized SSH keys fingerprints found for user ubuntu.
<14>Dec 12 13:34:31 ec2: 
<14>Dec 12 13:34:31 ec2: #############################################################
<14>Dec 12 13:34:31 ec2: -----BEGIN SSH HOST KEY FINGERPRINTS-----
<14>Dec 12 13:34:31 ec2: 1024 SHA256:9zmOZcvvd1nVNq5+ABcqg7nEA1XCEFYNrb88urDMK+g root@ubuntu-xenial (DSA)
<14>Dec 12 13:34:31 ec2: 256 SHA256:A9YH5WKtuSPDrY6B7axQa1hRSYq/zLWXBYtTBPteSZ4 root@ubuntu-xenial (ECDSA)
<14>Dec 12 13:34:31 ec2: 256 SHA256:BW0JZj8b/fpmnPBIqLyKqjnkC5PsogWHACtGvKAX0Ns root@ubuntu-xenial (ED25519)
<14>Dec 12 13:34:31 ec2: 2048 SHA256:EeJMPVI3tiT+sW0lRwc7yyDhUJ1nCi6mJoOLDPRDWrc root@ubuntu-xenial (RSA)
<14>Dec 12 13:34:31 ec2: -----END SSH HOST KEY FINGERPRINTS-----
<14>Dec 12 13:34:31 ec2: #############################################################
-----BEGIN SSH HOST KEY KEYS-----
ecdsa-sha2-nistp256 AAAAE2VjZHNhLXNoYTItbmlzdHAyNTYAAAAIbmlzdHAyNTYAAABBBJfgH8MEJMHrfI6smZs/Tiyd83X+dqxu5D5IIzM/q85f0Zf6qrlB5YnBR/ByBxhR9yiNmpENjBwMmy5dsnSA9Cs= root@ubuntu-xenial
ssh-ed25519 AAAAC3NzaC1lZDI1NTE5AAAAIK5Z6gj+viRxwF4NpFuSdQVDDlqHQSRB1CrwfCEhkr/q root@ubuntu-xenial
ssh-rsa AAAAB3NzaC1yc2EAAAADAQABAAABAQC7DEmaDNeO0XwxK24V52G2GfFzjVHEucl3lfEFID8cPG6FQHydcQB+x5Hs4/neYfQ9FsPXGyr5Xnmx4+DxVJsFITYBPjo+VpseXM835UdfkcfmnU/n3B0jfSk13R0yNwRQcEUi6ATWCtkI3SvvT/qLUXWNLLGU8/Q18TOniILS2MnpV4E3KSvVVACN9yPFLQwjLszZEnAqX/8rmDQu00qORNHIP7z86YgUvGI/ocOkVxfi3QstKjudoEecJdAWie+l01ooyeELs3KXiRDyTASCaf0yAlY+cBjw7IqCquL4dkKNmLETo+Q9lnRF4g+Uq3H7m9ufNE27fERqmh9xWowl root@ubuntu-xenial
-----END SSH HOST KEY KEYS-----
[  232.100233] cloud-init[1766]: Cloud-init v. 21.1-19-gbad84ad4-0ubuntu1~16.04.2 running 'modules:final' at Sun, 12 Dec 2021 13:34:31 +0000. Up 231.89 seconds.
[  232.116735] cloud-init[1766]: ci-info: no authorized SSH keys fingerprints found for user ubuntu.
[  232.123569] cloud-init[1766]: Cloud-init v. 21.1-19-gbad84ad4-0ubuntu1~16.04.2 finished at Sun, 12 Dec 2021 13:34:31 +0000. Datasource DataSourceNoCloud [seed=/dev/sdb][dsmode=net].  Up 232.05 seconds
